2026-08-14 07:33:24,803 - root - INFO - [logging_config.py:49] - Logging configured successfully
2026-08-14 07:33:24,805 - asyncio - DEBUG - [selector_events.py:54] - Using selector: EpollSelector
2026-08-14 07:33:24,825 - backend.main - INFO - [main.py:26] - Database initialized
2026-08-14 07:33:24,825 - backend.main - INFO - [main.py:29] - Background tasks started
2026-08-14 07:33:24,826 - backend.tasks.scheduler - INFO - [scheduler.py:22] - Starting market data refresh at 2026-08-14T07:33:24.826120
2026-08-14 07:33:24,826 - backend.tasks.scheduler - DEBUG - [scheduler.py:28] - Refreshed RELIANCE
2026-08-14 07:33:24,826 - backend.tasks.scheduler - DEBUG - [scheduler.py:28] - Refreshed TCS
2026-08-14 07:33:24,826 - backend.tasks.scheduler - DEBUG - [scheduler.py:28] - Refreshed INFY
2026-08-14 07:33:24,826 - backend.tasks.scheduler - DEBUG - [scheduler.py:28] - Refreshed WIPRO
2026-08-14 07:33:24,826 - backend.tasks.scheduler - DEBUG - [scheduler.py:28] - Refreshed HDFC
2026-08-14 07:33:24,826 - backend.tasks.scheduler - DEBUG - [scheduler.py:28] - Refreshed HDFCBANK
2026-08-14 07:33:24,826 - backend.tasks.scheduler - DEBUG - [scheduler.py:28] - Refreshed NIFTY
2026-08-14 07:33:24,826 - backend.tasks.scheduler - INFO - [scheduler.py:32] - Market data refresh completed
2026-08-14 07:33:24,826 - backend.tasks.scheduler - INFO - [scheduler.py:37] - Starting sentiment cache warm-up at 2026-08-14T07:33:24.826601
2026-08-14 07:33:24,826 - backend.tasks.scheduler - WARNING - [scheduler.py:45] - Failed to warm up sentiment for RELIANCE: 'SentimentService' object has no attribute 'calculate_sentiment'
2026-08-14 07:33:24,826 - backend.tasks.scheduler - WARNING - [scheduler.py:45] - Failed to warm up sentiment for TCS: 'SentimentService' object has no attribute 'calculate_sentiment'
2026-08-14 07:33:24,826 - backend.tasks.scheduler - WARNING - [scheduler.py:45] - Failed to warm up sentiment for INFY: 'SentimentService' object has no attribute 'calculate_sentiment'
2026-08-14 07:33:24,826 - backend.tasks.scheduler - WARNING - [scheduler.py:45] - Failed to warm up sentiment for WIPRO: 'SentimentService' object has no attribute 'calculate_sentiment'
2026-08-14 07:33:24,826 - backend.tasks.scheduler - WARNING - [scheduler.py:45] - Failed to warm up sentiment for HDFC: 'SentimentService' object has no attribute 'calculate_sentiment'
2026-08-14 07:33:24,826 - backend.tasks.scheduler - WARNING - [scheduler.py:45] - Failed to warm up sentiment for HDFCBANK: 'SentimentService' object has no attribute 'calculate_sentiment'
2026-08-14 07:33:24,826 - backend.tasks.scheduler - WARNING - [scheduler.py:45] - Failed to warm up sentiment for NIFTY: 'SentimentService' object has no attribute 'calculate_sentiment'
2026-08-14 07:33:24,827 - backend.tasks.scheduler - INFO - [scheduler.py:47] - Sentiment cache warm-up completed
2026-08-14 07:33:24,827 - backend.tasks.scheduler - INFO - [scheduler.py:52] - Starting RAG index refresh at 2026-08-14T07:33:24.827081
2026-08-14 07:33:24,827 - backend.tasks.scheduler - DEBUG - [scheduler.py:58] - Refreshed RAG context for RELIANCE
2026-08-14 07:33:24,827 - backend.tasks.scheduler - DEBUG - [scheduler.py:58] - Refreshed RAG context for TCS
2026-08-14 07:33:24,827 - backend.tasks.scheduler - DEBUG - [scheduler.py:58] - Refreshed RAG context for INFY
2026-08-14 07:33:24,827 - backend.tasks.scheduler - DEBUG - [scheduler.py:58] - Refreshed RAG context for WIPRO
2026-08-14 07:33:24,827 - backend.tasks.scheduler - DEBUG - [scheduler.py:58] - Refreshed RAG context for HDFC
2026-08-14 07:33:24,827 - backend.tasks.scheduler - DEBUG - [scheduler.py:58] - Refreshed RAG context for HDFCBANK
2026-08-14 07:33:24,827 - backend.tasks.scheduler - DEBUG - [scheduler.py:58] - Refreshed RAG context for NIFTY
2026-08-14 07:33:24,827 - backend.tasks.scheduler - INFO - [scheduler.py:62] - RAG index refresh completed
2026-08-14 07:33:24,848 - backend.middleware - INFO - [middleware.py:28] - GET /health - 200 - 0.018s
2026-08-14 07:33:24,849 - httpx2 - INFO - [_client.py:1092] - HTTP Request: GET http://testserver/health "HTTP/1.1 200 OK"
2026-08-14 07:33:24,853 - backend.middleware - INFO - [middleware.py:28] - GET /stock - 200 - 0.002s
2026-08-14 07:33:24,853 - httpx2 - INFO - [_client.py:1092] - HTTP Request: GET http://testserver/stock?symbol=RELIANCE "HTTP/1.1 200 OK"
2026-08-14 07:33:24,857 - backend.middleware - INFO - [middleware.py:28] - GET /stock - 200 - 0.001s
2026-08-14 07:33:24,857 - httpx2 - INFO - [_client.py:1092] - HTTP Request: GET http://testserver/stock?symbol=tcs "HTTP/1.1 200 OK"
2026-08-14 07:33:24,860 - backend.middleware - INFO - [middleware.py:28] - GET /news - 200 - 0.001s
2026-08-14 07:33:24,861 - httpx2 - INFO - [_client.py:1092] - HTTP Request: GET http://testserver/news?symbol=RELIANCE "HTTP/1.1 200 OK"
2026-08-14 07:33:24,865 - backend.middleware - INFO - [middleware.py:28] - GET /sentiment - 200 - 0.002s
2026-08-14 07:33:24,865 - httpx2 - INFO - [_client.py:1092] - HTTP Request: GET http://testserver/sentiment?symbol=TCS "HTTP/1.1 200 OK"
2026-08-14 07:33:24,869 - backend.middleware - INFO - [middleware.py:28] - GET /insights - 200 - 0.002s
2026-08-14 07:33:24,870 - httpx2 - INFO - [_client.py:1092] - HTTP Request: GET http://testserver/insights?symbol=INFY "HTTP/1.1 200 OK"
2026-08-14 07:33:24,894 - backend.middleware - INFO - [middleware.py:28] - GET /portfolio - 200 - 0.022s
2026-08-14 07:33:24,895 - httpx2 - INFO - [_client.py:1092] - HTTP Request: GET http://testserver/portfolio?user_id=1 "HTTP/1.1 200 OK"
2026-08-14 07:33:24,901 - backend.middleware - INFO - [middleware.py:28] - GET /watchlist - 200 - 0.004s
2026-08-14 07:33:24,902 - httpx2 - INFO - [_client.py:1092] - HTTP Request: GET http://testserver/watchlist?user_id=1 "HTTP/1.1 200 OK"
2026-08-14 07:33:24,905 - backend.middleware - INFO - [middleware.py:28] - GET /api/v1/alerts - 200 - 0.002s
2026-08-14 07:33:24,906 - httpx2 - INFO - [_client.py:1092] - HTTP Request: GET http://testserver/api/v1/alerts?user_id=1 "HTTP/1.1 200 OK"
2026-08-14 07:33:24,910 - backend.middleware - INFO - [middleware.py:28] - POST /api/v1/alerts - 200 - 0.002s
2026-08-14 07:33:24,911 - httpx2 - INFO - [_client.py:1092] - HTTP Request: POST http://testserver/api/v1/alerts?user_id=1 "HTTP/1.1 200 OK"
2026-08-14 07:33:24,915 - backend.middleware - INFO - [middleware.py:28] - GET /api/v1/portfolio/analytics - 200 - 0.002s
2026-08-14 07:33:24,916 - httpx2 - INFO - [_client.py:1092] - HTTP Request: GET http://testserver/api/v1/portfolio/analytics?user_id=1 "HTTP/1.1 200 OK"
2026-08-14 07:33:24,920 - backend.middleware - INFO - [middleware.py:28] - GET /api/v1/reports/stock - 200 - 0.002s
2026-08-14 07:33:24,921 - httpx2 - INFO - [_client.py:1092] - HTTP Request: GET http://testserver/api/v1/reports/stock?symbol=TCS "HTTP/1.1 200 OK"
2026-08-14 07:33:24,925 - backend.middleware - INFO - [middleware.py:28] - GET /api/v1/reports/portfolio - 200 - 0.002s
2026-08-14 07:33:24,926 - httpx2 - INFO - [_client.py:1092] - HTTP Request: GET http://testserver/api/v1/reports/portfolio?user_id=1 "HTTP/1.1 200 OK"
2026-08-14 07:33:24,930 - backend.middleware - INFO - [middleware.py:28] - GET /api/v1/reports/sentiment - 200 - 0.002s
2026-08-14 07:33:24,931 - httpx2 - INFO - [_client.py:1092] - HTTP Request: GET http://testserver/api/v1/reports/sentiment "HTTP/1.1 200 OK"
2026-08-14 07:33:24,932 - backend.main - INFO - [main.py:34] - Background tasks stopped
2026-08-14 07:33:29,211 - root - INFO - [logging_config.py:49] - Logging configured successfully
2026-08-14 07:33:29,213 - asyncio - DEBUG - [selector_events.py:54] - Using selector: EpollSelector
2026-08-14 07:33:29,216 - backend.main - INFO - [main.py:26] - Database initialized
2026-08-14 07:33:29,216 - backend.main - INFO - [main.py:29] - Background tasks started
2026-08-14 07:33:29,216 - backend.tasks.scheduler - INFO - [scheduler.py:22] - Starting market data refresh at 2026-08-14T07:33:29.216802
2026-08-14 07:33:29,216 - backend.tasks.scheduler - DEBUG - [scheduler.py:28] - Refreshed RELIANCE
2026-08-14 07:33:29,216 - backend.tasks.scheduler - DEBUG - [scheduler.py:28] - Refreshed TCS
2026-08-14 07:33:29,216 - backend.tasks.scheduler - DEBUG - [scheduler.py:28] - Refreshed INFY
2026-08-14 07:33:29,217 - backend.tasks.scheduler - DEBUG - [scheduler.py:28] - Refreshed WIPRO
2026-08-14 07:33:29,217 - backend.tasks.scheduler - DEBUG - [scheduler.py:28] - Refreshed HDFC
2026-08-14 07:33:29,217 - backend.tasks.scheduler - DEBUG - [scheduler.py:28] - Refreshed HDFCBANK
2026-08-14 07:33:29,217 - backend.tasks.scheduler - DEBUG - [scheduler.py:28] - Refreshed NIFTY
2026-08-14 07:33:29,217 - backend.tasks.scheduler - INFO - [scheduler.py:32] - Market data refresh completed
2026-08-14 07:33:29,217 - backend.tasks.scheduler - INFO - [scheduler.py:37] - Starting sentiment cache warm-up at 2026-08-14T07:33:29.217286
2026-08-14 07:33:29,217 - backend.tasks.scheduler - WARNING - [scheduler.py:45] - Failed to warm up sentiment for RELIANCE: 'SentimentService' object has no attribute 'calculate_sentiment'
2026-08-14 07:33:29,217 - backend.tasks.scheduler - WARNING - [scheduler.py:45] - Failed to warm up sentiment for TCS: 'SentimentService' object has no attribute 'calculate_sentiment'
2026-08-14 07:33:29,217 - backend.tasks.scheduler - WARNING - [scheduler.py:45] - Failed to warm up sentiment for INFY: 'SentimentService' object has no attribute 'calculate_sentiment'
2026-08-14 07:33:29,217 - backend.tasks.scheduler - WARNING - [scheduler.py:45] - Failed to warm up sentiment for WIPRO: 'SentimentService' object has no attribute 'calculate_sentiment'
2026-08-14 07:33:29,217 - backend.tasks.scheduler - WARNING - [scheduler.py:45] - Failed to warm up sentiment for HDFC: 'SentimentService' object has no attribute 'calculate_sentiment'
2026-08-14 07:33:29,217 - backend.tasks.scheduler - WARNING - [scheduler.py:45] - Failed to warm up sentiment for HDFCBANK: 'SentimentService' object has no attribute 'calculate_sentiment'
2026-08-14 07:33:29,217 - backend.tasks.scheduler - WARNING - [scheduler.py:45] - Failed to warm up sentiment for NIFTY: 'SentimentService' object has no attribute 'calculate_sentiment'
2026-08-14 07:33:29,217 - backend.tasks.scheduler - INFO - [scheduler.py:47] - Sentiment cache warm-up completed
2026-08-14 07:33:29,217 - backend.tasks.scheduler - INFO - [scheduler.py:52] - Starting RAG index refresh at 2026-08-14T07:33:29.217642
2026-08-14 07:33:29,217 - backend.tasks.scheduler - DEBUG - [scheduler.py:58] - Refreshed RAG context for RELIANCE
2026-08-14 07:33:29,217 - backend.tasks.scheduler - DEBUG - [scheduler.py:58] - Refreshed RAG context for TCS
2026-08-14 07:33:29,217 - backend.tasks.scheduler - DEBUG - [scheduler.py:58] - Refreshed RAG context for INFY
2026-08-14 07:33:29,217 - backend.tasks.scheduler - DEBUG - [scheduler.py:58] - Refreshed RAG context for WIPRO
2026-08-14 07:33:29,217 - backend.tasks.scheduler - DEBUG - [scheduler.py:58] - Refreshed RAG context for HDFC
2026-08-14 07:33:29,217 - backend.tasks.scheduler - DEBUG - [scheduler.py:58] - Refreshed RAG context for HDFCBANK
2026-08-14 07:33:29,218 - backend.tasks.scheduler - DEBUG - [scheduler.py:58] - Refreshed RAG context for NIFTY
2026-08-14 07:33:29,218 - backend.tasks.scheduler - INFO - [scheduler.py:62] - RAG index refresh completed
2026-08-14 07:33:29,235 - backend.middleware - INFO - [middleware.py:28] - GET /health - 200 - 0.016s
2026-08-14 07:33:29,235 - httpx2 - INFO - [_client.py:1092] - HTTP Request: GET http://testserver/health "HTTP/1.1 200 OK"
2026-08-14 07:33:29,239 - backend.middleware - INFO - [middleware.py:28] - GET /stock - 200 - 0.001s
2026-08-14 07:33:29,240 - httpx2 - INFO - [_client.py:1092] - HTTP Request: GET http://testserver/stock?symbol=RELIANCE "HTTP/1.1 200 OK"
2026-08-14 07:33:29,243 - backend.middleware - INFO - [middleware.py:28] - GET /stock - 200 - 0.001s
2026-08-14 07:33:29,244 - httpx2 - INFO - [_client.py:1092] - HTTP Request: GET http://testserver/stock?symbol=tcs "HTTP/1.1 200 OK"
2026-08-14 07:33:29,247 - backend.middleware - INFO - [middleware.py:28] - GET /news - 200 - 0.001s
2026-08-14 07:33:29,247 - httpx2 - INFO - [_client.py:1092] - HTTP Request: GET http://testserver/news?symbol=RELIANCE "HTTP/1.1 200 OK"
2026-08-14 07:33:29,251 - backend.middleware - INFO - [middleware.py:28] - GET /sentiment - 200 - 0.001s
2026-08-14 07:33:29,251 - httpx2 - INFO - [_client.py:1092] - HTTP Request: GET http://testserver/sentiment?symbol=TCS "HTTP/1.1 200 OK"
2026-08-14 07:33:29,255 - backend.middleware - INFO - [middleware.py:28] - GET /insights - 200 - 0.002s
2026-08-14 07:33:29,255 - httpx2 - INFO - [_client.py:1092] - HTTP Request: GET http://testserver/insights?symbol=INFY "HTTP/1.1 200 OK"
2026-08-14 07:33:29,278 - backend.middleware - INFO - [middleware.py:28] - GET /portfolio - 200 - 0.021s
2026-08-14 07:33:29,279 - httpx2 - INFO - [_client.py:1092] - HTTP Request: GET http://testserver/portfolio?user_id=1 "HTTP/1.1 200 OK"
2026-08-14 07:33:29,284 - backend.middleware - INFO - [middleware.py:28] - GET /watchlist - 200 - 0.003s
2026-08-14 07:33:29,285 - httpx2 - INFO - [_client.py:1092] - HTTP Request: GET http://testserver/watchlist?user_id=1 "HTTP/1.1 200 OK"
2026-08-14 07:33:29,288 - backend.middleware - INFO - [middleware.py:28] - GET /api/v1/alerts - 200 - 0.002s
2026-08-14 07:33:29,289 - httpx2 - INFO - [_client.py:1092] - HTTP Request: GET http://testserver/api/v1/alerts?user_id=1 "HTTP/1.1 200 OK"
2026-08-14 07:33:29,293 - backend.middleware - INFO - [middleware.py:28] - POST /api/v1/alerts - 200 - 0.002s
2026-08-14 07:33:29,293 - httpx2 - INFO - [_client.py:1092] - HTTP Request: POST http://testserver/api/v1/alerts?user_id=1 "HTTP/1.1 200 OK"
2026-08-14 07:33:29,297 - backend.middleware - INFO - [middleware.py:28] - GET /api/v1/portfolio/analytics - 200 - 0.002s
2026-08-14 07:33:29,298 - httpx2 - INFO - [_client.py:1092] - HTTP Request: GET http://testserver/api/v1/portfolio/analytics?user_id=1 "HTTP/1.1 200 OK"
2026-08-14 07:33:29,302 - backend.middleware - INFO - [middleware.py:28] - GET /api/v1/reports/stock - 200 - 0.002s
2026-08-14 07:33:29,303 - httpx2 - INFO - [_client.py:1092] - HTTP Request: GET http://testserver/api/v1/reports/stock?symbol=TCS "HTTP/1.1 200 OK"
2026-08-14 07:33:29,307 - backend.middleware - INFO - [middleware.py:28] - GET /api/v1/reports/portfolio - 200 - 0.002s
2026-08-14 07:33:29,308 - httpx2 - INFO - [_client.py:1092] - HTTP Request: GET http://testserver/api/v1/reports/portfolio?user_id=1 "HTTP/1.1 200 OK"
2026-08-14 07:33:29,311 - backend.middleware - INFO - [middleware.py:28] - GET /api/v1/reports/sentiment - 200 - 0.002s
2026-08-14 07:33:29,313 - httpx2 - INFO - [_client.py:1092] - HTTP Request: GET http://testserver/api/v1/reports/sentiment "HTTP/1.1 200 OK"
2026-08-14 07:33:29,313 - backend.main - INFO - [main.py:34] - Background tasks stopped
